Wrote SAE to experiments\sae_llama32_3b_instruct\attention_outputs
Wrote SAE analysis to experiments\lora_selected_tasks_instruct_rawchat_r8_20260709\at_operator_mod_minus_left\plots\rq21\attention_outputs_sae
Wrote SAE analysis to experiments\lora_selected_tasks_instruct_rawchat_r8_20260709\exact_three_word_prefix\plots\rq21\attention_outputs_sae
Wrote SAE analysis to experiments\lora_selected_tasks_instruct_rawchat_r8_20260709\extract_items_from_set\plots\rq21\attention_outputs_sae
Wrote SAE analysis to experiments\lora_selected_tasks_instruct_rawchat_r8_20260709\first_word\plots\rq21\attention_outputs_sae
Wrote SAE analysis to experiments\lora_selected_tasks_instruct_rawchat_r8_20260709\formal_language_a_n_b_n\plots\rq21\attention_outputs_sae
Wrote SAE analysis to experiments\lora_selected_tasks_instruct_rawchat_r8_20260709\has_repeated_word\plots\rq21\attention_outputs_sae
Wrote SAE analysis to experiments\lora_selected_tasks_instruct_rawchat_r8_20260709\reverse_words\plots\rq21\attention_outputs_sae
Wrote SAE analysis to experiments\lora_selected_tasks_instruct_rawchat_r8_20260709\uppercase_last_word\plots\rq21\attention_outputs_sae
Wrote SAE analysis to experiments\lora_selected_tasks_instruct_rawchat_r8_20260709\words_containing_bigram_qu\plots\rq21\attention_outputs_sae
Wrote SAE analysis to experiments\lora_selected_tasks_instruct_rawchat_r8_20260709\words_starting_with_letter\plots\rq21\attention_outputs_sae
Wrote SAE to experiments\sae_llama32_3b_instruct\attention_post_o_proj_outputs
Wrote SAE analysis to experiments\lora_selected_tasks_instruct_rawchat_r8_20260709\at_operator_mod_minus_left\plots\rq21\attention_post_o_proj_outputs_sae
Wrote SAE analysis to experiments\lora_selected_tasks_instruct_rawchat_r8_20260709\exact_three_word_prefix\plots\rq21\attention_post_o_proj_outputs_sae
Wrote SAE analysis to experiments\lora_selected_tasks_instruct_rawchat_r8_20260709\extract_items_from_set\plots\rq21\attention_post_o_proj_outputs_sae
Wrote SAE analysis to experiments\lora_selected_tasks_instruct_rawchat_r8_20260709\first_word\plots\rq21\attention_post_o_proj_outputs_sae
Wrote SAE analysis to experiments\lora_selected_tasks_instruct_rawchat_r8_20260709\formal_language_a_n_b_n\plots\rq21\attention_post_o_proj_outputs_sae
Wrote SAE analysis to experiments\lora_selected_tasks_instruct_rawchat_r8_20260709\has_repeated_word\plots\rq21\attention_post_o_proj_outputs_sae
Wrote SAE analysis to experiments\lora_selected_tasks_instruct_rawchat_r8_20260709\reverse_words\plots\rq21\attention_post_o_proj_outputs_sae
Wrote SAE analysis to experiments\lora_selected_tasks_instruct_rawchat_r8_20260709\uppercase_last_word\plots\rq21\attention_post_o_proj_outputs_sae
Wrote SAE analysis to experiments\lora_selected_tasks_instruct_rawchat_r8_20260709\words_containing_bigram_qu\plots\rq21\attention_post_o_proj_outputs_sae
Wrote SAE analysis to experiments\lora_selected_tasks_instruct_rawchat_r8_20260709\words_starting_with_letter\plots\rq21\attention_post_o_proj_outputs_sae
attention SAE pipeline complete
